Test run for C:\Users\Flash\Documents\BadMelon\tests\bin\Debug\netcoreapp3.1\BadMelon.Tests.dll(.NETCoreApp,Version=v3.1)
Microsoft (R) Test Execution Command Line Tool Version 16.5.0
Copyright (c) Microsoft Corporation.  All rights reserved.

Starting test execution, please wait...

A total of 1 test files matched the specified pattern.
warn: Microsoft.AspNetCore.HttpsPolicy.HttpsRedirectionMiddleware[3]
      Failed to determine the https port for redirect.

Test Run Successful.
Total tests: 71
     Passed: 71
 Total time: 10.2538 Seconds

Calculating coverage result...
  Generating report 'TestResults\coverage.info'

+---------------+--------+--------+--------+
| Module        | Line   | Branch | Method |
+---------------+--------+--------+--------+
| BadMelon.API  | 74.86% | 41.66% | 85.18% |
+---------------+--------+--------+--------+
| BadMelon.Data | 61.75% | 50%    | 58.95% |
+---------------+--------+--------+--------+

+---------+--------+--------+--------+
|         | Line   | Branch | Method |
+---------+--------+--------+--------+
| Total   | 64.62% | 49.27% | 62.5%  |
+---------+--------+--------+--------+
| Average | 68.3%  | 45.83% | 72.06% |
+---------+--------+--------+--------+

